// Vitest Snapshot v1

exports[`stripe tests > gets the refined customer in requests 1`] = `6`;
